2026-04-25 18:59:34,671 | INFO | Fetching weather for lat=33.6405, lon=-117.6026
2026-04-25 18:59:34,672 | INFO | Calling Open-Meteo API
2026-04-25 18:59:35,906 | ERROR | Error occurred while saving weather
Traceback (most recent call last):
  File "C:\Users\ville\Projects\Pi\.venv\Lib\site-packages\sqlalchemy\engine\base.py", line 1967, in _exec_single_context
    self.dialect.do_execute(
    ~~~~~~~~~~~~~~~~~~~~~~~^
        cursor, str_statement, effective_parameters, context
        ^^^^^^^^^^^^^^^^^^^^^^^^^^^^^^^^^^^^^^^^^^^^^^^^^^^^
    )
    ^
  File "C:\Users\ville\Projects\Pi\.venv\Lib\site-packages\sqlalchemy\engine\default.py", line 952, in do_execute
    cursor.execute(statement, parameters)
    ~~~~~~~~~~~~~~^^^^^^^^^^^^^^^^^^^^^^^
  File "C:\Users\ville\Projects\Pi\.venv\Lib\site-packages\psycopg\cursor.py", line 117, in execute
    raise ex.with_traceback(None)
psycopg.errors.UniqueViolation: duplicate key value violates unique constraint "weather_unique_record"
DETAIL:  Key (location_id, observed_at)=(1, 2026-04-26 01:45:00) already exists.

The above exception was the direct cause of the following exception:

Traceback (most recent call last):
  File "C:\Users\ville\Projects\Pi\jobs\fetch_weather.py", line 34, in run
    db.commit()
    ~~~~~~~~~^^
  File "C:\Users\ville\Projects\Pi\.venv\Lib\site-packages\sqlalchemy\orm\session.py", line 2030, in commit
    trans.commit(_to_root=True)
    ~~~~~~~~~~~~^^^^^^^^^^^^^^^
  File "<string>", line 2, in commit
  File "C:\Users\ville\Projects\Pi\.venv\Lib\site-packages\sqlalchemy\orm\state_changes.py", line 137, in _go
    ret_value = fn(self, *arg, **kw)
  File "C:\Users\ville\Projects\Pi\.venv\Lib\site-packages\sqlalchemy\orm\session.py", line 1311, in commit
    self._prepare_impl()
    ~~~~~~~~~~~~~~~~~~^^
  File "<string>", line 2, in _prepare_impl
  File "C:\Users\ville\Projects\Pi\.venv\Lib\site-packages\sqlalchemy\orm\state_changes.py", line 137, in _go
    ret_value = fn(self, *arg, **kw)
  File "C:\Users\ville\Projects\Pi\.venv\Lib\site-packages\sqlalchemy\orm\session.py", line 1286, in _prepare_impl
    self.session.flush()
    ~~~~~~~~~~~~~~~~~~^^
  File "C:\Users\ville\Projects\Pi\.venv\Lib\site-packages\sqlalchemy\orm\session.py", line 4331, in flush
    self._flush(objects)
    ~~~~~~~~~~~^^^^^^^^^
  File "C:\Users\ville\Projects\Pi\.venv\Lib\site-packages\sqlalchemy\orm\session.py", line 4466, in _flush
    with util.safe_reraise():
         ~~~~~~~~~~~~~~~~~^^
  File "C:\Users\ville\Projects\Pi\.venv\Lib\site-packages\sqlalchemy\util\langhelpers.py", line 121, in __exit__
    raise exc_value.with_traceback(exc_tb)
  File "C:\Users\ville\Projects\Pi\.venv\Lib\site-packages\sqlalchemy\orm\session.py", line 4427, in _flush
    flush_context.execute()
    ~~~~~~~~~~~~~~~~~~~~~^^
  File "C:\Users\ville\Projects\Pi\.venv\Lib\site-packages\sqlalchemy\orm\unitofwork.py", line 466, in execute
    rec.execute(self)
    ~~~~~~~~~~~^^^^^^
  File "C:\Users\ville\Projects\Pi\.venv\Lib\site-packages\sqlalchemy\orm\unitofwork.py", line 642, in execute
    util.preloaded.orm_persistence.save_obj(
    ~~~~~~~~~~~~~~~~~~~~~~~~~~~~~~~~~~~~~~~^
        self.mapper,
        ^^^^^^^^^^^^
        uow.states_for_mapper_hierarchy(self.mapper, False, False),
        ^^^^^^^^^^^^^^^^^^^^^^^^^^^^^^^^^^^^^^^^^^^^^^^^^^^^^^^^^^^
        uow,
        ^^^^
    )
    ^
  File "C:\Users\ville\Projects\Pi\.venv\Lib\site-packages\sqlalchemy\orm\persistence.py", line 93, in save_obj
    _emit_insert_statements(
    ~~~~~~~~~~~~~~~~~~~~~~~^
        base_mapper,
        ^^^^^^^^^^^^
    ...<3 lines>...
        insert,
        ^^^^^^^
    )
    ^
  File "C:\Users\ville\Projects\Pi\.venv\Lib\site-packages\sqlalchemy\orm\persistence.py", line 1233, in _emit_insert_statements
    result = connection.execute(
        statement,
        params,
        execution_options=execution_options,
    )
  File "C:\Users\ville\Projects\Pi\.venv\Lib\site-packages\sqlalchemy\engine\base.py", line 1419, in execute
    return meth(
        self,
        distilled_parameters,
        execution_options or NO_OPTIONS,
    )
  File "C:\Users\ville\Projects\Pi\.venv\Lib\site-packages\sqlalchemy\sql\elements.py", line 527, in _execute_on_connection
    return connection._execute_clauseelement(
           ~~~~~~~~~~~~~~~~~~~~~~~~~~~~~~~~~^
        self, distilled_params, execution_options
        ^^^^^^^^^^^^^^^^^^^^^^^^^^^^^^^^^^^^^^^^^
    )
    ^
  File "C:\Users\ville\Projects\Pi\.venv\Lib\site-packages\sqlalchemy\engine\base.py", line 1641, in _execute_clauseelement
    ret = self._execute_context(
        dialect,
    ...<8 lines>...
        cache_hit=cache_hit,
    )
  File "C:\Users\ville\Projects\Pi\.venv\Lib\site-packages\sqlalchemy\engine\base.py", line 1846, in _execute_context
    return self._exec_single_context(
           ~~~~~~~~~~~~~~~~~~~~~~~~~^
        dialect, context, statement, parameters
        ^^^^^^^^^^^^^^^^^^^^^^^^^^^^^^^^^^^^^^^
    )
    ^
  File "C:\Users\ville\Projects\Pi\.venv\Lib\site-packages\sqlalchemy\engine\base.py", line 1986, in _exec_single_context
    self._handle_dbapi_exception(
    ~~~~~~~~~~~~~~~~~~~~~~~~~~~~^
        e, str_statement, effective_parameters, cursor, context
        ^^^^^^^^^^^^^^^^^^^^^^^^^^^^^^^^^^^^^^^^^^^^^^^^^^^^^^^
    )
    ^
  File "C:\Users\ville\Projects\Pi\.venv\Lib\site-packages\sqlalchemy\engine\base.py", line 2363, in _handle_dbapi_exception
    raise sqlalchemy_exception.with_traceback(exc_info[2]) from e
  File "C:\Users\ville\Projects\Pi\.venv\Lib\site-packages\sqlalchemy\engine\base.py", line 1967, in _exec_single_context
    self.dialect.do_execute(
    ~~~~~~~~~~~~~~~~~~~~~~~^
        cursor, str_statement, effective_parameters, context
        ^^^^^^^^^^^^^^^^^^^^^^^^^^^^^^^^^^^^^^^^^^^^^^^^^^^^
    )
    ^
  File "C:\Users\ville\Projects\Pi\.venv\Lib\site-packages\sqlalchemy\engine\default.py", line 952, in do_execute
    cursor.execute(statement, parameters)
    ~~~~~~~~~~~~~~^^^^^^^^^^^^^^^^^^^^^^^
  File "C:\Users\ville\Projects\Pi\.venv\Lib\site-packages\psycopg\cursor.py", line 117, in execute
    raise ex.with_traceback(None)
sqlalchemy.exc.IntegrityError: (psycopg.errors.UniqueViolation) duplicate key value violates unique constraint "weather_unique_record"
DETAIL:  Key (location_id, observed_at)=(1, 2026-04-26 01:45:00) already exists.
[SQL: INSERT INTO weather_observations (location_id, temperature_c, wind_speed, pressure, humidity, observed_at) VALUES (%(location_id)s::INTEGER, %(temperature_c)s, %(wind_speed)s, %(pressure)s, %(humidity)s, %(observed_at)s::TIMESTAMP WITHOUT TIME ZONE) RETURNING weather_observations.id, weather_observations.created_at]
[parameters: {'location_id': 1, 'temperature_c': 12.9, 'wind_speed': 8.8, 'pressure': 1011.0, 'humidity': 46, 'observed_at': '2026-04-26T01:45'}]
(Background on this error at: https://sqlalche.me/e/20/gkpj)
2026-04-25 18:59:35,995 | ERROR | Database insert failed: (psycopg.errors.UniqueViolation) duplicate key value violates unique constraint "weather_unique_record"
DETAIL:  Key (location_id, observed_at)=(1, 2026-04-26 01:45:00) already exists.
[SQL: INSERT INTO weather_observations (location_id, temperature_c, wind_speed, pressure, humidity, observed_at) VALUES (%(location_id)s::INTEGER, %(temperature_c)s, %(wind_speed)s, %(pressure)s, %(humidity)s, %(observed_at)s::TIMESTAMP WITHOUT TIME ZONE) RETURNING weather_observations.id, weather_observations.created_at]
[parameters: {'location_id': 1, 'temperature_c': 12.9, 'wind_speed': 8.8, 'pressure': 1011.0, 'humidity': 46, 'observed_at': '2026-04-26T01:45'}]
(Background on this error at: https://sqlalche.me/e/20/gkpj)
2026-04-25 19:02:24,165 | INFO | Fetching weather for lat=33.6405, lon=-117.6026
2026-04-25 19:02:24,166 | INFO | Calling Open-Meteo API
2026-04-25 19:02:25,245 | INFO | Inserted weather record id=11
2026-04-25 19:03:02,323 | INFO | Fetching weather for lat=33.6405, lon=-117.6026
2026-04-25 19:03:02,324 | INFO | Calling Open-Meteo API
2026-04-25 19:03:03,447 | ERROR | Error occurred while saving weather
Traceback (most recent call last):
  File "C:\Users\ville\Projects\Pi\.venv\Lib\site-packages\sqlalchemy\engine\base.py", line 1967, in _exec_single_context
    self.dialect.do_execute(
    ~~~~~~~~~~~~~~~~~~~~~~~^
        cursor, str_statement, effective_parameters, context
        ^^^^^^^^^^^^^^^^^^^^^^^^^^^^^^^^^^^^^^^^^^^^^^^^^^^^
    )
    ^
  File "C:\Users\ville\Projects\Pi\.venv\Lib\site-packages\sqlalchemy\engine\default.py", line 952, in do_execute
    cursor.execute(statement, parameters)
    ~~~~~~~~~~~~~~^^^^^^^^^^^^^^^^^^^^^^^
  File "C:\Users\ville\Projects\Pi\.venv\Lib\site-packages\psycopg\cursor.py", line 117, in execute
    raise ex.with_traceback(None)
psycopg.errors.UniqueViolation: duplicate key value violates unique constraint "weather_unique_record"
DETAIL:  Key (location_id, observed_at)=(1, 2026-04-26 02:00:00) already exists.

The above exception was the direct cause of the following exception:

Traceback (most recent call last):
  File "C:\Users\ville\Projects\Pi\jobs\fetch_weather.py", line 34, in run
    db.commit()
    ~~~~~~~~~^^
  File "C:\Users\ville\Projects\Pi\.venv\Lib\site-packages\sqlalchemy\orm\session.py", line 2030, in commit
    trans.commit(_to_root=True)
    ~~~~~~~~~~~~^^^^^^^^^^^^^^^
  File "<string>", line 2, in commit
  File "C:\Users\ville\Projects\Pi\.venv\Lib\site-packages\sqlalchemy\orm\state_changes.py", line 137, in _go
    ret_value = fn(self, *arg, **kw)
  File "C:\Users\ville\Projects\Pi\.venv\Lib\site-packages\sqlalchemy\orm\session.py", line 1311, in commit
    self._prepare_impl()
    ~~~~~~~~~~~~~~~~~~^^
  File "<string>", line 2, in _prepare_impl
  File "C:\Users\ville\Projects\Pi\.venv\Lib\site-packages\sqlalchemy\orm\state_changes.py", line 137, in _go
    ret_value = fn(self, *arg, **kw)
  File "C:\Users\ville\Projects\Pi\.venv\Lib\site-packages\sqlalchemy\orm\session.py", line 1286, in _prepare_impl
    self.session.flush()
    ~~~~~~~~~~~~~~~~~~^^
  File "C:\Users\ville\Projects\Pi\.venv\Lib\site-packages\sqlalchemy\orm\session.py", line 4331, in flush
    self._flush(objects)
    ~~~~~~~~~~~^^^^^^^^^
  File "C:\Users\ville\Projects\Pi\.venv\Lib\site-packages\sqlalchemy\orm\session.py", line 4466, in _flush
    with util.safe_reraise():
         ~~~~~~~~~~~~~~~~~^^
  File "C:\Users\ville\Projects\Pi\.venv\Lib\site-packages\sqlalchemy\util\langhelpers.py", line 121, in __exit__
    raise exc_value.with_traceback(exc_tb)
  File "C:\Users\ville\Projects\Pi\.venv\Lib\site-packages\sqlalchemy\orm\session.py", line 4427, in _flush
    flush_context.execute()
    ~~~~~~~~~~~~~~~~~~~~~^^
  File "C:\Users\ville\Projects\Pi\.venv\Lib\site-packages\sqlalchemy\orm\unitofwork.py", line 466, in execute
    rec.execute(self)
    ~~~~~~~~~~~^^^^^^
  File "C:\Users\ville\Projects\Pi\.venv\Lib\site-packages\sqlalchemy\orm\unitofwork.py", line 642, in execute
    util.preloaded.orm_persistence.save_obj(
    ~~~~~~~~~~~~~~~~~~~~~~~~~~~~~~~~~~~~~~~^
        self.mapper,
        ^^^^^^^^^^^^
        uow.states_for_mapper_hierarchy(self.mapper, False, False),
        ^^^^^^^^^^^^^^^^^^^^^^^^^^^^^^^^^^^^^^^^^^^^^^^^^^^^^^^^^^^
        uow,
        ^^^^
    )
    ^
  File "C:\Users\ville\Projects\Pi\.venv\Lib\site-packages\sqlalchemy\orm\persistence.py", line 93, in save_obj
    _emit_insert_statements(
    ~~~~~~~~~~~~~~~~~~~~~~~^
        base_mapper,
        ^^^^^^^^^^^^
    ...<3 lines>...
        insert,
        ^^^^^^^
    )
    ^
  File "C:\Users\ville\Projects\Pi\.venv\Lib\site-packages\sqlalchemy\orm\persistence.py", line 1233, in _emit_insert_statements
    result = connection.execute(
        statement,
        params,
        execution_options=execution_options,
    )
  File "C:\Users\ville\Projects\Pi\.venv\Lib\site-packages\sqlalchemy\engine\base.py", line 1419, in execute
    return meth(
        self,
        distilled_parameters,
        execution_options or NO_OPTIONS,
    )
  File "C:\Users\ville\Projects\Pi\.venv\Lib\site-packages\sqlalchemy\sql\elements.py", line 527, in _execute_on_connection
    return connection._execute_clauseelement(
           ~~~~~~~~~~~~~~~~~~~~~~~~~~~~~~~~~^
        self, distilled_params, execution_options
        ^^^^^^^^^^^^^^^^^^^^^^^^^^^^^^^^^^^^^^^^^
    )
    ^
  File "C:\Users\ville\Projects\Pi\.venv\Lib\site-packages\sqlalchemy\engine\base.py", line 1641, in _execute_clauseelement
    ret = self._execute_context(
        dialect,
    ...<8 lines>...
        cache_hit=cache_hit,
    )
  File "C:\Users\ville\Projects\Pi\.venv\Lib\site-packages\sqlalchemy\engine\base.py", line 1846, in _execute_context
    return self._exec_single_context(
           ~~~~~~~~~~~~~~~~~~~~~~~~~^
        dialect, context, statement, parameters
        ^^^^^^^^^^^^^^^^^^^^^^^^^^^^^^^^^^^^^^^
    )
    ^
  File "C:\Users\ville\Projects\Pi\.venv\Lib\site-packages\sqlalchemy\engine\base.py", line 1986, in _exec_single_context
    self._handle_dbapi_exception(
    ~~~~~~~~~~~~~~~~~~~~~~~~~~~~^
        e, str_statement, effective_parameters, cursor, context
        ^^^^^^^^^^^^^^^^^^^^^^^^^^^^^^^^^^^^^^^^^^^^^^^^^^^^^^^
    )
    ^
  File "C:\Users\ville\Projects\Pi\.venv\Lib\site-packages\sqlalchemy\engine\base.py", line 2363, in _handle_dbapi_exception
    raise sqlalchemy_exception.with_traceback(exc_info[2]) from e
  File "C:\Users\ville\Projects\Pi\.venv\Lib\site-packages\sqlalchemy\engine\base.py", line 1967, in _exec_single_context
    self.dialect.do_execute(
    ~~~~~~~~~~~~~~~~~~~~~~~^
        cursor, str_statement, effective_parameters, context
        ^^^^^^^^^^^^^^^^^^^^^^^^^^^^^^^^^^^^^^^^^^^^^^^^^^^^
    )
    ^
  File "C:\Users\ville\Projects\Pi\.venv\Lib\site-packages\sqlalchemy\engine\default.py", line 952, in do_execute
    cursor.execute(statement, parameters)
    ~~~~~~~~~~~~~~^^^^^^^^^^^^^^^^^^^^^^^
  File "C:\Users\ville\Projects\Pi\.venv\Lib\site-packages\psycopg\cursor.py", line 117, in execute
    raise ex.with_traceback(None)
sqlalchemy.exc.IntegrityError: (psycopg.errors.UniqueViolation) duplicate key value violates unique constraint "weather_unique_record"
DETAIL:  Key (location_id, observed_at)=(1, 2026-04-26 02:00:00) already exists.
[SQL: INSERT INTO weather_observations (location_id, temperature_c, wind_speed, pressure, humidity, observed_at) VALUES (%(location_id)s::INTEGER, %(temperature_c)s, %(wind_speed)s, %(pressure)s, %(humidity)s, %(observed_at)s::TIMESTAMP WITHOUT TIME ZONE) RETURNING weather_observations.id, weather_observations.created_at]
[parameters: {'location_id': 1, 'temperature_c': 12.8, 'wind_speed': 7.0, 'pressure': 1011.0, 'humidity': 46, 'observed_at': '2026-04-26T02:00'}]
(Background on this error at: https://sqlalche.me/e/20/gkpj)
2026-04-25 19:03:03,461 | ERROR | Database insert failed: (psycopg.errors.UniqueViolation) duplicate key value violates unique constraint "weather_unique_record"
DETAIL:  Key (location_id, observed_at)=(1, 2026-04-26 02:00:00) already exists.
[SQL: INSERT INTO weather_observations (location_id, temperature_c, wind_speed, pressure, humidity, observed_at) VALUES (%(location_id)s::INTEGER, %(temperature_c)s, %(wind_speed)s, %(pressure)s, %(humidity)s, %(observed_at)s::TIMESTAMP WITHOUT TIME ZONE) RETURNING weather_observations.id, weather_observations.created_at]
[parameters: {'location_id': 1, 'temperature_c': 12.8, 'wind_speed': 7.0, 'pressure': 1011.0, 'humidity': 46, 'observed_at': '2026-04-26T02:00'}]
(Background on this error at: https://sqlalche.me/e/20/gkpj)
